
Warning: This is a simple server for use in testing or debugging Angular applications
locally. It hasn't been reviewed for security issues.

Binding this server to an open connection can result in compromising your application or
computer. Using a different host than the one passed to the "--host" flag might result in
websocket connection issues.
    
[31mX [41;31m[[41;97mERROR[41;31m][0m [1mTS2339: Property 'rating' does not exist on type 'CarSummary'.[0m [1m[35m[plugin angular-compiler][0m

    src/app/features/cars/components/car-card/car-card.html:34:53:
[37m      34 │ ...te" [attr.aria-label]="car().[32mrating[37m + ' out of 5 stars, ' + car...
         ╵                                 [32m~~~~~~[0m

  Error occurs in the template of component CarCard.

    src/app/features/cars/components/car-card/car-card.ts:16:15:
[37m      16 │   templateUrl: [32m'./car-card.html'[37m,
         ╵                [32m~~~~~~~~~~~~~~~~~[0m


[31mX [41;31m[[41;97mERROR[41;31m][0m [1mTS2339: Property 'reviewCount' does not exist on type 'CarSummary'.[0m [1m[35m[plugin angular-compiler][0m

    src/app/features/cars/components/car-card/car-card.html:34:90:
[37m      34 │ ...().rating + ' out of 5 stars, ' + car().[32mreviewCount[37m + ' reviews'">
         ╵                                            [32m~~~~~~~~~~~[0m

  Error occurs in the template of component CarCard.

    src/app/features/cars/components/car-card/car-card.ts:16:15:
[37m      16 │   templateUrl: [32m'./car-card.html'[37m,
         ╵                [32m~~~~~~~~~~~~~~~~~[0m


[31mX [41;31m[[41;97mERROR[41;31m][0m [1mTS2339: Property 'rating' does not exist on type 'CarSummary'.[0m [1m[35m[plugin angular-compiler][0m

    src/app/features/cars/components/car-card/car-card.html:37:38:
[37m      37 │ ...   <i [class]="star <= car().[32mrating[37m ? 'fas fa-star' : 'far fa-s...
         ╵                                 [32m~~~~~~[0m

  Error occurs in the template of component CarCard.

    src/app/features/cars/components/car-card/car-card.ts:16:15:
[37m      16 │   templateUrl: [32m'./car-card.html'[37m,
         ╵                [32m~~~~~~~~~~~~~~~~~[0m


[31mX [41;31m[[41;97mERROR[41;31m][0m [1mTS2339: Property 'rating' does not exist on type 'CarSummary'.[0m [1m[35m[plugin angular-compiler][0m

    src/app/features/cars/components/car-card/car-card.html:40:23:
[37m      40 │         <span>{{ car().[32mrating[37m | smNumber:1 }} ({{ car().reviewCoun...
         ╵                        [32m~~~~~~[0m

  Error occurs in the template of component CarCard.

    src/app/features/cars/components/car-card/car-card.ts:16:15:
[37m      16 │   templateUrl: [32m'./car-card.html'[37m,
         ╵                [32m~~~~~~~~~~~~~~~~~[0m


[31mX [41;31m[[41;97mERROR[41;31m][0m [1mTS2339: Property 'reviewCount' does not exist on type 'CarSummary'.[0m [1m[35m[plugin angular-compiler][0m

    src/app/features/cars/components/car-card/car-card.html:40:56:
[37m      40 │ ...| smNumber:1 }} ({{ car().[32mreviewCount[37m | smNumber }} Review)</span>
         ╵                              [32m~~~~~~~~~~~[0m

  Error occurs in the template of component CarCard.

    src/app/features/cars/components/car-card/car-card.ts:16:15:
[37m      16 │   templateUrl: [32m'./car-card.html'[37m,
         ╵                [32m~~~~~~~~~~~~~~~~~[0m


[31mX [41;31m[[41;97mERROR[41;31m][0m [1mTS2339: Property 'rating' does not exist on type 'CarSummary'.[0m [1m[35m[plugin angular-compiler][0m

    src/app/features/cars/components/car-card/car-card.html:34:53:
[37m      34 │ ...te" [attr.aria-label]="car().[32mrating[37m + ' out of 5 stars, ' + car...
         ╵                                 [32m~~~~~~[0m

  Error occurs in the template of component CarCard.

    src/app/features/cars/components/car-card/car-card.ts:16:15:
[37m      16 │   templateUrl: [32m'./car-card.html'[37m,
         ╵                [32m~~~~~~~~~~~~~~~~~[0m


[31mX [41;31m[[41;97mERROR[41;31m][0m [1mTS2339: Property 'reviewCount' does not exist on type 'CarSummary'.[0m [1m[35m[plugin angular-compiler][0m

    src/app/features/cars/components/car-card/car-card.html:34:90:
[37m      34 │ ...().rating + ' out of 5 stars, ' + car().[32mreviewCount[37m + ' reviews'">
         ╵                                            [32m~~~~~~~~~~~[0m

  Error occurs in the template of component CarCard.

    src/app/features/cars/components/car-card/car-card.ts:16:15:
[37m      16 │   templateUrl: [32m'./car-card.html'[37m,
         ╵                [32m~~~~~~~~~~~~~~~~~[0m


[31mX [41;31m[[41;97mERROR[41;31m][0m [1mTS2339: Property 'rating' does not exist on type 'CarSummary'.[0m [1m[35m[plugin angular-compiler][0m

    src/app/features/cars/components/car-card/car-card.html:37:38:
[37m      37 │ ...   <i [class]="star <= car().[32mrating[37m ? 'fas fa-star' : 'far fa-s...
         ╵                                 [32m~~~~~~[0m

  Error occurs in the template of component CarCard.

    src/app/features/cars/components/car-card/car-card.ts:16:15:
[37m      16 │   templateUrl: [32m'./car-card.html'[37m,
         ╵                [32m~~~~~~~~~~~~~~~~~[0m


[31mX [41;31m[[41;97mERROR[41;31m][0m [1mTS2339: Property 'rating' does not exist on type 'CarSummary'.[0m [1m[35m[plugin angular-compiler][0m

    src/app/features/cars/components/car-card/car-card.html:40:23:
[37m      40 │         <span>{{ car().[32mrating[37m | smNumber:1 }} ({{ car().reviewCoun...
         ╵                        [32m~~~~~~[0m

  Error occurs in the template of component CarCard.

    src/app/features/cars/components/car-card/car-card.ts:16:15:
[37m      16 │   templateUrl: [32m'./car-card.html'[37m,
         ╵                [32m~~~~~~~~~~~~~~~~~[0m


[31mX [41;31m[[41;97mERROR[41;31m][0m [1mTS2339: Property 'reviewCount' does not exist on type 'CarSummary'.[0m [1m[35m[plugin angular-compiler][0m

    src/app/features/cars/components/car-card/car-card.html:40:56:
[37m      40 │ ...| smNumber:1 }} ({{ car().[32mreviewCount[37m | smNumber }} Review)</span>
         ╵                              [32m~~~~~~~~~~~[0m

  Error occurs in the template of component CarCard.

    src/app/features/cars/components/car-card/car-card.ts:16:15:
[37m      16 │   templateUrl: [32m'./car-card.html'[37m,
         ╵                [32m~~~~~~~~~~~~~~~~~[0m


[31mX [41;31m[[41;97mERROR[41;31m][0m [1mTS2339: Property 'rating' does not exist on type 'CarSummary'.[0m [1m[35m[plugin angular-compiler][0m

    src/app/features/cars/components/car-card/car-card.html:34:53:
[37m      34 │ ...te" [attr.aria-label]="car().[32mrating[37m + ' out of 5 stars, ' + car...
         ╵                                 [32m~~~~~~[0m

  Error occurs in the template of component CarCard.

    src/app/features/cars/components/car-card/car-card.ts:16:15:
[37m      16 │   templateUrl: [32m'./car-card.html'[37m,
         ╵                [32m~~~~~~~~~~~~~~~~~[0m


[31mX [41;31m[[41;97mERROR[41;31m][0m [1mTS2339: Property 'reviewCount' does not exist on type 'CarSummary'.[0m [1m[35m[plugin angular-compiler][0m

    src/app/features/cars/components/car-card/car-card.html:34:90:
[37m      34 │ ...().rating + ' out of 5 stars, ' + car().[32mreviewCount[37m + ' reviews'">
         ╵                                            [32m~~~~~~~~~~~[0m

  Error occurs in the template of component CarCard.

    src/app/features/cars/components/car-card/car-card.ts:16:15:
[37m      16 │   templateUrl: [32m'./car-card.html'[37m,
         ╵                [32m~~~~~~~~~~~~~~~~~[0m


[31mX [41;31m[[41;97mERROR[41;31m][0m [1mTS2339: Property 'rating' does not exist on type 'CarSummary'.[0m [1m[35m[plugin angular-compiler][0m

    src/app/features/cars/components/car-card/car-card.html:37:38:
[37m      37 │ ...   <i [class]="star <= car().[32mrating[37m ? 'fas fa-star' : 'far fa-s...
         ╵                                 [32m~~~~~~[0m

  Error occurs in the template of component CarCard.

    src/app/features/cars/components/car-card/car-card.ts:16:15:
[37m      16 │   templateUrl: [32m'./car-card.html'[37m,
         ╵                [32m~~~~~~~~~~~~~~~~~[0m


[31mX [41;31m[[41;97mERROR[41;31m][0m [1mTS2339: Property 'rating' does not exist on type 'CarSummary'.[0m [1m[35m[plugin angular-compiler][0m

    src/app/features/cars/components/car-card/car-card.html:40:23:
[37m      40 │         <span>{{ car().[32mrating[37m | smNumber:1 }} ({{ car().reviewCoun...
         ╵                        [32m~~~~~~[0m

  Error occurs in the template of component CarCard.

    src/app/features/cars/components/car-card/car-card.ts:16:15:
[37m      16 │   templateUrl: [32m'./car-card.html'[37m,
         ╵                [32m~~~~~~~~~~~~~~~~~[0m


[31mX [41;31m[[41;97mERROR[41;31m][0m [1mTS2339: Property 'reviewCount' does not exist on type 'CarSummary'.[0m [1m[35m[plugin angular-compiler][0m

    src/app/features/cars/components/car-card/car-card.html:40:56:
[37m      40 │ ...| smNumber:1 }} ({{ car().[32mreviewCount[37m | smNumber }} Review)</span>
         ╵                              [32m~~~~~~~~~~~[0m

  Error occurs in the template of component CarCard.

    src/app/features/cars/components/car-card/car-card.ts:16:15:
[37m      16 │   templateUrl: [32m'./car-card.html'[37m,
         ╵                [32m~~~~~~~~~~~~~~~~~[0m


[31mX [41;31m[[41;97mERROR[41;31m][0m [1mTS2339: Property 'rating' does not exist on type 'CarSummary'.[0m [1m[35m[plugin angular-compiler][0m

    src/app/features/cars/components/car-card/car-card.html:34:53:
[37m      34 │ ...te" [attr.aria-label]="car().[32mrating[37m + ' out of 5 stars, ' + car...
         ╵                                 [32m~~~~~~[0m

  Error occurs in the template of component CarCard.

    src/app/features/cars/components/car-card/car-card.ts:16:15:
[37m      16 │   templateUrl: [32m'./car-card.html'[37m,
         ╵                [32m~~~~~~~~~~~~~~~~~[0m


[31mX [41;31m[[41;97mERROR[41;31m][0m [1mTS2339: Property 'reviewCount' does not exist on type 'CarSummary'.[0m [1m[35m[plugin angular-compiler][0m

    src/app/features/cars/components/car-card/car-card.html:34:90:
[37m      34 │ ...().rating + ' out of 5 stars, ' + car().[32mreviewCount[37m + ' reviews'">
         ╵                                            [32m~~~~~~~~~~~[0m

  Error occurs in the template of component CarCard.

    src/app/features/cars/components/car-card/car-card.ts:16:15:
[37m      16 │   templateUrl: [32m'./car-card.html'[37m,
         ╵                [32m~~~~~~~~~~~~~~~~~[0m


[31mX [41;31m[[41;97mERROR[41;31m][0m [1mTS2339: Property 'rating' does not exist on type 'CarSummary'.[0m [1m[35m[plugin angular-compiler][0m

    src/app/features/cars/components/car-card/car-card.html:37:38:
[37m      37 │ ...   <i [class]="star <= car().[32mrating[37m ? 'fas fa-star' : 'far fa-s...
         ╵                                 [32m~~~~~~[0m

  Error occurs in the template of component CarCard.

    src/app/features/cars/components/car-card/car-card.ts:16:15:
[37m      16 │   templateUrl: [32m'./car-card.html'[37m,
         ╵                [32m~~~~~~~~~~~~~~~~~[0m


[31mX [41;31m[[41;97mERROR[41;31m][0m [1mTS2339: Property 'rating' does not exist on type 'CarSummary'.[0m [1m[35m[plugin angular-compiler][0m

    src/app/features/cars/components/car-card/car-card.html:40:23:
[37m      40 │         <span>{{ car().[32mrating[37m | smNumber:1 }} ({{ car().reviewCoun...
         ╵                        [32m~~~~~~[0m

  Error occurs in the template of component CarCard.

    src/app/features/cars/components/car-card/car-card.ts:16:15:
[37m      16 │   templateUrl: [32m'./car-card.html'[37m,
         ╵                [32m~~~~~~~~~~~~~~~~~[0m


[31mX [41;31m[[41;97mERROR[41;31m][0m [1mTS2339: Property 'reviewCount' does not exist on type 'CarSummary'.[0m [1m[35m[plugin angular-compiler][0m

    src/app/features/cars/components/car-card/car-card.html:40:56:
[37m      40 │ ...| smNumber:1 }} ({{ car().[32mreviewCount[37m | smNumber }} Review)</span>
         ╵                              [32m~~~~~~~~~~~[0m

  Error occurs in the template of component CarCard.

    src/app/features/cars/components/car-card/car-card.ts:16:15:
[37m      16 │   templateUrl: [32m'./car-card.html'[37m,
         ╵                [32m~~~~~~~~~~~~~~~~~[0m


